<?xml version="1.0" encoding="UTF-8" ?>
<testsuites disabled="0" errors="0" failures="0" tests="5" time="0.016">
 <testsuite name="OrdersAnalyzer" timestamp="2022-11-30T22:43:25" hostname="localhost" time="0.009" errors="0" tests="0" skipped="0" disabled="0" failures="0">
 </testsuite>
 <testsuite name="OrdersAnalyzer.stationery dataset totalQuantity" timestamp="2022-11-30T22:43:25" hostname="localhost" time="0.007" errors="0" tests="5" skipped="0" disabled="0" failures="0">
  <testcase classname="OrdersAnalyzer.stationery dataset totalQuantity" name="should return correct values for 1746" time="0.002" />
  <testcase classname="OrdersAnalyzer.stationery dataset totalQuantity" name="should return correct values for 3433" time="0" />
  <testcase classname="OrdersAnalyzer.stationery dataset totalQuantity" name="should return correct values for 4098" time="0.002" />
  <testcase classname="OrdersAnalyzer.stationery dataset totalQuantity" name="should return correct values for 5723" time="0" />
  <testcase classname="OrdersAnalyzer.stationery dataset totalQuantity" name="should return correct values for 9872" time="0" />
 </testsuite>
</testsuites>